DEBUG:root:1
DEBUG:root:2
DEBUG:root:3
DEBUG:root:3
DEBUG:root:4
DEBUG:root:5
DEBUG:root:4
DEBUG:root:5
DEBUG:root:6
DEBUG:root:7
DEBUG:root:5
DEBUG:root:6
DEBUG:root:7
DEBUG:root:8
DEBUG:root:9
DEBUG:root:6
DEBUG:root:7
DEBUG:root:8
DEBUG:root:9
DEBUG:root:10
DEBUG:root:11
DEBUG:root:7
DEBUG:root:8
DEBUG:root:9
DEBUG:root:10
DEBUG:root:11
DEBUG:root:12
DEBUG:root:13
DEBUG:root:8
DEBUG:root:9
DEBUG:root:10
DEBUG:root:11
DEBUG:root:12
DEBUG:root:13
DEBUG:root:14
DEBUG:root:15
DEBUG:root:9
DEBUG:root:10
DEBUG:root:11
DEBUG:root:12
DEBUG:root:13
DEBUG:root:14
DEBUG:root:15
DEBUG:root:16
DEBUG:root:17
DEBUG:root:10
DEBUG:root:11
DEBUG:root:12
DEBUG:root:13
DEBUG:root:14
DEBUG:root:15
DEBUG:root:16
DEBUG:root:17
DEBUG:root:18
DEBUG:root:19
DEBUG:root:11
DEBUG:root:12
DEBUG:root:13
DEBUG:root:14
DEBUG:root:15
DEBUG:root:16
DEBUG:root:17
DEBUG:root:18
DEBUG:root:19
DEBUG:root:20
DEBUG:root:21
DEBUG:root:12
DEBUG:root:13
DEBUG:root:14
DEBUG:root:15
DEBUG:root:16
DEBUG:root:17
DEBUG:root:18
DEBUG:root:19
DEBUG:root:20
DEBUG:root:21
DEBUG:root:22
DEBUG:root:23
DEBUG:root:13
DEBUG:root:14
DEBUG:root:15
DEBUG:root:16
DEBUG:root:17
DEBUG:root:18
DEBUG:root:19
DEBUG:root:20
DEBUG:root:21
DEBUG:root:22
DEBUG:root:23
DEBUG:root:24
DEBUG:root:25
DEBUG:root:14
DEBUG:root:15
DEBUG:root:16
DEBUG:root:17
DEBUG:root:18
DEBUG:root:19
DEBUG:root:20
DEBUG:root:21
DEBUG:root:22
DEBUG:root:23
DEBUG:root:24
DEBUG:root:25
DEBUG:root:26
DEBUG:root:27
DEBUG:root:15
DEBUG:root:16
DEBUG:root:17
DEBUG:root:18
DEBUG:root:19
DEBUG:root:20
DEBUG:root:21
DEBUG:root:22
DEBUG:root:23
DEBUG:root:24
DEBUG:root:25
DEBUG:root:26
DEBUG:root:27
DEBUG:root:28
DEBUG:root:29
DEBUG:root:16
DEBUG:root:17
DEBUG:root:18
DEBUG:root:19
DEBUG:root:20
DEBUG:root:21
DEBUG:root:22
DEBUG:root:23
DEBUG:root:24
DEBUG:root:25
DEBUG:root:26
DEBUG:root:27
DEBUG:root:28
DEBUG:root:29
DEBUG:root:30
DEBUG:root:31
DEBUG:root:17
DEBUG:root:18
DEBUG:root:19
DEBUG:root:20
DEBUG:root:21
DEBUG:root:22
DEBUG:root:23
DEBUG:root:24
DEBUG:root:25
DEBUG:root:26
DEBUG:root:27
DEBUG:root:28
DEBUG:root:29
DEBUG:root:30
DEBUG:root:31
DEBUG:root:32
DEBUG:root:33
DEBUG:root:18
DEBUG:root:19
DEBUG:root:20
DEBUG:root:21
DEBUG:root:22
DEBUG:root:23
DEBUG:root:24
DEBUG:root:25
DEBUG:root:26
DEBUG:root:27
DEBUG:root:28
DEBUG:root:29
DEBUG:root:30
DEBUG:root:31
DEBUG:root:32
DEBUG:root:33
DEBUG:root:34
DEBUG:root:35
DEBUG:root:19
DEBUG:root:20
DEBUG:root:21
DEBUG:root:22
DEBUG:root:23
DEBUG:root:24
DEBUG:root:25
DEBUG:root:26
DEBUG:root:27
DEBUG:root:28
DEBUG:root:29
DEBUG:root:30
DEBUG:root:31
DEBUG:root:32
DEBUG:root:33
DEBUG:root:34
DEBUG:root:35
DEBUG:root:36
DEBUG:root:37
